.my-header {
font-size: 24px;
padding: 10px 0 0 10px;
height: 25px;
}
