.selector {
background-color: #ff0000;
font-size: 20px;
}
