.selector {
height: 12px;
width: 24px;
}
.selector2 {
height: 12px;
width: 24px;
}
